\BOOKMARK [1][-]{section.1}{\376\377\137\025\212\000}{}% 1
\BOOKMARK [1][-]{section.2}{\376\377\145\207\163\056\176\374\217\360\116\016\164\006\213\272\150\106\147\266}{}% 2
\BOOKMARK [2][-]{subsection.2.1}{\376\377\176\377\202\162\117\341\215\067\377\032\116\316\163\257\130\203\131\026\220\350\140\047\122\060\117\341\215\067\221\115\177\156}{section.2}% 3
\BOOKMARK [2][-]{subsection.2.2}{\376\377\214\003\145\164\142\020\147\054\060\001\213\361\201\364\122\033\145\260\116\016\176\323\147\204\146\377\116\343}{section.2}% 4
\BOOKMARK [2][-]{subsection.2.3}{\376\377\127\060\145\271\200\375\156\220\171\200\215\113\060\001\225\001\133\232\116\016\123\072\127\337\200\375\122\233}{section.2}% 5
\BOOKMARK [2][-]{subsection.2.4}{\376\377\170\024\172\166\177\072\123\343\116\016\123\357\150\300\232\214\230\204\147\037}{section.2}% 6
\BOOKMARK [1][-]{section.3}{\376\377\122\066\136\246\200\314\146\157\060\001\145\160\143\156\116\016\170\024\172\166\213\276\213\241}{}% 7
\BOOKMARK [2][-]{subsection.3.1}{\376\377\122\066\136\246\200\314\146\157\116\016\213\306\122\053\133\371\214\141}{section.3}% 8
\BOOKMARK [2][-]{subsection.3.2}{\376\377\150\067\147\054\116\016\145\160\143\156\147\145\156\220}{section.3}% 9
\BOOKMARK [2][-]{subsection.3.3}{\376\377\123\330\221\317\147\204\220\040\116\016\151\202\137\365\133\371\136\224}{section.3}% 10
\BOOKMARK [2][-]{subsection.3.4}{\376\377\152\041\127\213\213\276\133\232}{section.3}% 11
\BOOKMARK [1][-]{section.4}{\376\377\133\236\213\301\176\323\147\234}{}% 12
\BOOKMARK [2][-]{subsection.4.1}{\376\377\143\317\217\360\140\047\176\337\213\241}{section.4}% 13
\BOOKMARK [2][-]{subsection.4.2}{\376\377\217\320\210\114\140\047\214\003\145\164\377\032\200\375\156\220\137\072\136\246\116\016\154\141\147\323\143\222\145\076}{section.4}% 14
\BOOKMARK [2][-]{subsection.4.3}{\376\377\147\204\142\020\140\047\214\003\145\164\116\016\176\323\147\204\146\377\116\343\217\271\165\114}{section.4}% 15
\BOOKMARK [2][-]{subsection.4.4}{\376\377\122\250\140\001\150\300\232\214\116\016\172\063\120\145\140\047\377\032\213\301\143\156\173\111\176\247\166\204\221\315\145\260\122\022\122\006}{section.4}% 16
\BOOKMARK [2][-]{subsection.4.5}{\376\377\145\351\147\037\156\005\155\001\165\065\122\233\127\372\170\100\116\016\145\260\200\375\156\220\176\323\147\234}{section.4}% 17
\BOOKMARK [2][-]{subsection.4.6}{\376\377\215\104\156\220\117\235\215\126\116\016\176\377\202\162\117\341\215\067\116\343\164\006\377\032\116\044\116\052\210\145\121\105\213\312\145\255}{section.4}% 18
\BOOKMARK [2][-]{subsection.4.7}{\376\377\146\113\204\231\145\077\173\126\145\207\147\054\377\032\127\060\145\271\213\256\230\230\135\356\137\002\200\014\227\136\147\072\122\066\213\306\122\053}{section.4}% 19
\BOOKMARK [1][-]{section.5}{\376\377\213\250\213\272}{}% 20
\BOOKMARK [2][-]{subsection.5.1}{\376\377\200\375\131\037\145\057\143\001\166\204\176\323\213\272\377\032\0002\0000\0001\0002\136\164\124\016\124\315\136\224\121\167\147\011\134\102\176\247\135\356\137\002}{section.5}% 21
\BOOKMARK [2][-]{subsection.5.2}{\376\377\127\060\145\271\200\375\156\220\127\372\170\100\116\072\117\125\116\015\146\057\121\105\122\006\147\141\116\366}{section.5}% 22
\BOOKMARK [2][-]{subsection.5.3}{\376\377\146\113\204\231\150\110\117\213\166\204\147\011\226\120\122\237\200\375}{section.5}% 23
\BOOKMARK [2][-]{subsection.5.4}{\376\377\116\016\215\104\156\220\117\235\215\126\124\175\230\230\166\204\121\163\174\373}{section.5}% 24
\BOOKMARK [1][-]{section.6}{\376\377\176\323\213\272\116\016\145\077\173\126\124\053\116\111}{}% 25
\BOOKMARK [1][-]{appendix.A}{\376\377\217\336\176\355\146\264\227\062\136\246\116\213\116\366\170\024\172\166\126\376}{}% 26
\BOOKMARK [1][-]{appendix.B}{\376\377\210\145\121\105\176\323\147\234\116\016\145\160\143\156\211\206\166\326}{}% 27
